#
# There is insufficient memory for the Java Runtime Environment to continue.
# Native memory allocation (malloc) failed to allocate 1737312 bytes. Error detail: Chunk::new
# Possible reasons:
#   The system is out of physical RAM or swap space
#   This process is running with CompressedOops enabled, and the Java Heap may be blocking the growth of the native heap
# Possible solutions:
#   Reduce memory load on the system
#   Increase physical memory or swap space
#   Check if swap backing store is full
#   Decrease Java heap size (-Xmx/-Xms)
#   Decrease number of Java threads
#   Decrease Java thread stack sizes (-Xss)
#   Set larger code cache with -XX:ReservedCodeCacheSize=
#   JVM is running with Unscaled Compressed Oops mode in which the Java heap is
#     placed in the first 4GB address space. The Java Heap base address is the
#     maximum limit for the native heap growth. Please use -XX:HeapBaseMinAddress
#     to set the Java Heap base and to place the Java Heap above 4GB virtual address.
# This output file may be truncated or incomplete.
#
#  Out of Memory Error (arena.cpp:168), pid=2660, tid=8488
#
# JRE version: OpenJDK Runtime Environment Temurin-21.0.5+11 (21.0.5+11) (build 21.0.5+11-LTS)
# Java VM: OpenJDK 64-Bit Server VM Temurin-21.0.5+11 (21.0.5+11-LTS, mixed mode, sharing, tiered, compressed oops, compressed class ptrs, parallel gc, windows-amd64)
# No core dump will be written. Minidumps are not enabled by default on client versions of Windows
#

---------------  S U M M A R Y ------------

Command Line: --add-modules=ALL-SYSTEM --add-opens=java.base/java.util=ALL-UNNAMED --add-opens=java.base/java.lang=ALL-UNNAMED --add-opens=java.base/sun.nio.fs=ALL-UNNAMED -Declipse.application=org.eclipse.jdt.ls.core.id1 -Dosgi.bundles.defaultStartLevel=4 -Declipse.product=org.eclipse.jdt.ls.core.product -Djava.import.generatesMetadataFilesAtProjectRoot=false -DDetectVMInstallationsJob.disabled=true -Dfile.encoding=utf8 -XX:+UseParallelGC -XX:GCTimeRatio=4 -XX:AdaptiveSizePolicyWeight=90 -Dsun.zip.disableMemoryMapping=true -Xmx1G -Xms100m -Xlog:disable -javaagent:c:\Users\DELL\.vscode\extensions\redhat.java-1.39.0-win32-x64\lombok\lombok-1.18.34.jar -XX:+HeapDumpOnOutOfMemoryError -XX:HeapDumpPath=c:\Users\DELL\AppData\Roaming\Code\User\workspaceStorage\667d2d708d577856f3a5703e8ee31762\redhat.java -Daether.dependencyCollector.impl=bf c:\Users\DELL\.vscode\extensions\redhat.java-1.39.0-win32-x64\server\plugins\org.eclipse.equinox.launcher_1.6.900.v20240613-2009.jar -configuration c:\Users\DELL\AppData\Roaming\Code\User\globalStorage\redhat.java\1.39.0\config_win -data c:\Users\DELL\AppData\Roaming\Code\User\workspaceStorage\667d2d708d577856f3a5703e8ee31762\redhat.java\jdt_ws --pipe=\\.\pipe\lsp-925bcee370e315e5817611c3744db6d6-sock

Host: Intel(R) Core(TM) i3-4005U CPU @ 1.70GHz, 4 cores, 3G,  Windows 10 , 64 bit Build 19041 (10.0.19041.5198)
Time: Wed Jan 29 19:39:29 2025 Sri Lanka Standard Time elapsed time: 145.476959 seconds (0d 0h 2m 25s)

---------------  T H R E A D  ---------------

Current thread (0x000001b9d53b35d0):  JavaThread "C2 CompilerThread0" daemon [_thread_in_native, id=8488, stack(0x0000001dbfc00000,0x0000001dbfd00000) (1024K)]


Current CompileTask:
C2:145477 4469       4       org.lombokweb.asm.ClassReader::readMethod (1066 bytes)

Stack: [0x0000001dbfc00000,0x0000001dbfd00000]
Native frames: (J=compiled Java code, j=interpreted, Vv=VM code, C=native code)
V  [jvm.dll+0x6cd4e9]
V  [jvm.dll+0x8a7941]
V  [jvm.dll+0x8a9e6e]
V  [jvm.dll+0x8aa543]
V  [jvm.dll+0x27f6d6]
V  [jvm.dll+0xc500d]
V  [jvm.dll+0xc5543]
V  [jvm.dll+0x3b660c]
V  [jvm.dll+0x382835]
V  [jvm.dll+0x381c9a]
V  [jvm.dll+0x2479d0]
V  [jvm.dll+0x246faf]
V  [jvm.dll+0x1c75ce]
V  [jvm.dll+0x25682a]
V  [jvm.dll+0x254dca]
V  [jvm.dll+0x3f00d6]
V  [jvm.dll+0x8514fb]
V  [jvm.dll+0x6cbbed]
C  [ucrtbase.dll+0x21bb2]
C  [KERNEL32.DLL+0x17374]
C  [ntdll.dll+0x4cc91]


---------------  P R O C E S S  ---------------

Threads class SMR info:
_java_thread_list=0x000001ba1d81f320, length=23, elements={
0x000001b9befc0e80, 0x000001b9d53aa110, 0x000001b9d53aba10, 0x000001b9d53ac920,
0x000001b9d53ae580, 0x000001b9d53b10e0, 0x000001b9d53b1b30, 0x000001b9d53b35d0,
0x000001b9d542aa50, 0x000001b9bf02bf60, 0x000001ba17596480, 0x000001ba17a07240,
0x000001ba17c0b3b0, 0x000001ba17c40be0, 0x000001ba17c41240, 0x000001ba17bef130,
0x000001ba17499540, 0x000001ba17b61990, 0x000001ba17b626b0, 0x000001ba17b61300,
0x000001ba17b62020, 0x000001ba17b633d0, 0x000001ba17b63a60
}

Java Threads: ( => current thread )
  0x000001b9befc0e80 JavaThread "main"                              [_thread_blocked, id=6288, stack(0x0000001dbf200000,0x0000001dbf300000) (1024K)]
  0x000001b9d53aa110 JavaThread "Reference Handler"          daemon [_thread_blocked, id=3968, stack(0x0000001dbf600000,0x0000001dbf700000) (1024K)]
  0x000001b9d53aba10 JavaThread "Finalizer"                  daemon [_thread_blocked, id=7048, stack(0x0000001dbf700000,0x0000001dbf800000) (1024K)]
  0x000001b9d53ac920 JavaThread "Signal Dispatcher"          daemon [_thread_blocked, id=8528, stack(0x0000001dbf800000,0x0000001dbf900000) (1024K)]
  0x000001b9d53ae580 JavaThread "Attach Listener"            daemon [_thread_blocked, id=13356, stack(0x0000001dbf900000,0x0000001dbfa00000) (1024K)]
  0x000001b9d53b10e0 JavaThread "Service Thread"             daemon [_thread_blocked, id=1836, stack(0x0000001dbfa00000,0x0000001dbfb00000) (1024K)]
  0x000001b9d53b1b30 JavaThread "Monitor Deflation Thread"   daemon [_thread_blocked, id=12208, stack(0x0000001dbfb00000,0x0000001dbfc00000) (1024K)]
=>0x000001b9d53b35d0 JavaThread "C2 CompilerThread0"         daemon [_thread_in_native, id=8488, stack(0x0000001dbfc00000,0x0000001dbfd00000) (1024K)]
  0x000001b9d542aa50 JavaThread "C1 CompilerThread0"         daemon [_thread_blocked, id=14088, stack(0x0000001dbfd00000,0x0000001dbfe00000) (1024K)]
  0x000001b9bf02bf60 JavaThread "Common-Cleaner"             daemon [_thread_blocked, id=13380, stack(0x0000001dbfe00000,0x0000001dbff00000) (1024K)]
  0x000001ba17596480 JavaThread "Notification Thread"        daemon [_thread_blocked, id=7952, stack(0x0000001dbff00000,0x0000001dc0000000) (1024K)]
  0x000001ba17a07240 JavaThread "Active Thread: Equinox Container: e19d098f-7b2e-4831-bd07-d7ef35b668ee"        [_thread_blocked, id=8636, stack(0x0000001dc0300000,0x0000001dc0400000) (1024K)]
  0x000001ba17c0b3b0 JavaThread "Refresh Thread: Equinox Container: e19d098f-7b2e-4831-bd07-d7ef35b668ee" daemon [_thread_blocked, id=10652, stack(0x0000001dc0400000,0x0000001dc0500000) (1024K)]
  0x000001ba17c40be0 JavaThread "Framework Event Dispatcher: Equinox Container: e19d098f-7b2e-4831-bd07-d7ef35b668ee" daemon [_thread_blocked, id=4944, stack(0x0000001dc0500000,0x0000001dc0600000) (1024K)]
  0x000001ba17c41240 JavaThread "Start Level: Equinox Container: e19d098f-7b2e-4831-bd07-d7ef35b668ee" daemon [_thread_in_native, id=10304, stack(0x0000001dc0600000,0x0000001dc0700000) (1024K)]
  0x000001ba17bef130 JavaThread "Bundle File Closer"         daemon [_thread_blocked, id=14300, stack(0x0000001dc0700000,0x0000001dc0800000) (1024K)]
  0x000001ba17499540 JavaThread "SCR Component Actor"        daemon [_thread_blocked, id=12324, stack(0x0000001dc0800000,0x0000001dc0900000) (1024K)]
  0x000001ba17b61990 JavaThread "Worker-JM"                         [_thread_blocked, id=11540, stack(0x0000001dc0a00000,0x0000001dc0b00000) (1024K)]
  0x000001ba17b626b0 JavaThread "JNA Cleaner"                daemon [_thread_blocked, id=6240, stack(0x0000001dbf100000,0x0000001dbf200000) (1024K)]
  0x000001ba17b61300 JavaThread "Worker-0"                          [_thread_blocked, id=11356, stack(0x0000001dc0900000,0x0000001dc0a00000) (1024K)]
  0x000001ba17b62020 JavaThread "Worker-1: Updating Maven Dependencies"        [_thread_in_Java, id=2328, stack(0x0000001dc0b00000,0x0000001dc0c00000) (1024K)]
  0x000001ba17b633d0 JavaThread "Worker-2: Repository registry initialization"        [_thread_blocked, id=3252, stack(0x0000001dc0c00000,0x0000001dc0d00000) (1024K)]
  0x000001ba17b63a60 JavaThread "Worker-3"                          [_thread_blocked, id=10080, stack(0x0000001dc0d00000,0x0000001dc0e00000) (1024K)]
Total: 23

Other Threads:
  0x000001b9bf07e410 VMThread "VM Thread"                           [id=9012, stack(0x0000001dbf500000,0x0000001dbf600000) (1024K)]
  0x000001b9bf02a620 WatcherThread "VM Periodic Task Thread"        [id=1772, stack(0x0000001dbf400000,0x0000001dbf500000) (1024K)]
  0x000001b9befde0a0 WorkerThread "GC Thread#0"                     [id=4932, stack(0x0000001dbf300000,0x0000001dbf400000) (1024K)]
  0x000001b9d53f5570 WorkerThread "GC Thread#1"                     [id=10956, stack(0x0000001dc0000000,0x0000001dc0100000) (1024K)]
  0x000001ba1769c1d0 WorkerThread "GC Thread#2"                     [id=6548, stack(0x0000001dc0100000,0x0000001dc0200000) (1024K)]
  0x000001ba1769c570 WorkerThread "GC Thread#3"                     [id=6440, stack(0x0000001dc0200000,0x0000001dc0300000) (1024K)]
Total: 6

Threads with active compile tasks:
C2 CompilerThread0  145639 4469       4       org.lombokweb.asm.ClassReader::readMethod (1066 bytes)
Total: 1

VM state: not at safepoint (normal execution)

VM Mutex/Monitor currently owned by a thread: None

Heap address: 0x00000000c0000000, size: 1024 MB, Compressed Oops mode: 32-bit

CDS archive(s) mapped at: [0x000001b9d6000000-0x000001b9d6ba0000-0x000001b9d6ba0000), size 12189696, SharedBaseAddress: 0x000001b9d6000000, ArchiveRelocationMode: 1.
Compressed class space mapped at: 0x000001b9d7000000-0x000001ba17000000, reserved size: 1073741824
Narrow klass base: 0x000001b9d6000000, Narrow klass shift: 0, Narrow klass range: 0x100000000

GC Precious Log:
 CardTable entry size: 512
 CPUs: 4 total, 4 available
 Memory: 4000M
 Large Page Support: Disabled
 NUMA Support: Disabled
 Compressed Oops: Enabled (32-bit)
 Alignments: Space 512K, Generation 512K, Heap 2M
 Heap Min Capacity: 100M
 Heap Initial Capacity: 100M
 Heap Max Capacity: 1G
 Pre-touch: Disabled
 Parallel Workers: 4

Heap:
 PSYoungGen      total 24064K, used 20610K [0x00000000eab00000, 0x00000000ec880000, 0x0000000100000000)
  eden space 23040K, 85% used [0x00000000eab00000,0x00000000ebe46158,0x00000000ec180000)
  from space 1024K, 85% used [0x00000000ec780000,0x00000000ec85a8e0,0x00000000ec880000)
  to   space 1024K, 0% used [0x00000000ec680000,0x00000000ec680000,0x00000000ec780000)
 ParOldGen       total 68608K, used 13632K [0x00000000c0000000, 0x00000000c4300000, 0x00000000eab00000)
  object space 68608K, 19% used [0x00000000c0000000,0x00000000c0d50398,0x00000000c4300000)
 Metaspace       used 30204K, committed 31040K, reserved 1114112K
  class space    used 2980K, committed 3328K, reserved 1048576K

Card table byte_map: [0x000001b9d2d10000,0x000001b9d2f20000] _byte_map_base: 0x000001b9d2710000

Marking Bits: (ParMarkBitMap*) 0x00007ffd9d232250
 Begin Bits: [0x000001b9d3080000, 0x000001b9d4080000)
 End Bits:   [0x000001b9d4080000, 0x000001b9d5080000)

Polling page: 0x000001b9bf090000

Metaspace:

Usage:
  Non-class:     26.59 MB used.
      Class:      2.91 MB used.
       Both:     29.50 MB used.

Virtual space:
  Non-class space:       64.00 MB reserved,      27.06 MB ( 42%) committed,  1 nodes.
      Class space:        1.00 GB reserved,       3.25 MB ( <1%) committed,  1 nodes.
             Both:        1.06 GB reserved,      30.31 MB (  3%) committed. 

Chunk freelists:
   Non-Class:  4.11 MB
       Class:  12.76 MB
        Both:  16.87 MB

MaxMetaspaceSize: unlimited
CompressedClassSpaceSize: 1.00 GB
Initial GC threshold: 21.00 MB
Current GC threshold: 35.00 MB
CDS: on
 - commit_granule_bytes: 65536.
 - commit_granule_words: 8192.
 - virtual_space_node_default_size: 8388608.
 - enlarge_chunks_in_place: 1.
 - use_allocation_guard: 0.


Internal statistics:

num_allocs_failed_limit: 3.
num_arena_births: 650.
num_arena_deaths: 14.
num_vsnodes_births: 2.
num_vsnodes_deaths: 0.
num_space_committed: 486.
num_space_uncommitted: 0.
num_chunks_returned_to_freelist: 17.
num_chunks_taken_from_freelist: 1913.
num_chunk_merges: 9.
num_chunk_splits: 1199.
num_chunks_enlarged: 717.
num_inconsistent_stats: 0.

CodeHeap 'non-profiled nmethods': size=120000Kb used=2324Kb max_used=2324Kb free=117676Kb
 bounds [0x000001b9cb600000, 0x000001b9cb870000, 0x000001b9d2b30000]
CodeHeap 'profiled nmethods': size=120000Kb used=9897Kb max_used=9897Kb free=110102Kb
 bounds [0x000001b9c3b30000, 0x000001b9c44e0000, 0x000001b9cb060000]
CodeHeap 'non-nmethods': size=5760Kb used=1325Kb max_used=1340Kb free=4434Kb
 bounds [0x000001b9cb060000, 0x000001b9cb2d0000, 0x000001b9cb600000]
 total_blobs=5230 nmethods=4614 adapters=522
 compilation: enabled
              stopped_count=0, restarted_count=0
 full_count=0

Compilation events (20 events):
Event: 145.145 Thread 0x000001b9d542aa50 nmethod 4603 0x000001b9c44c8210 code [0x000001b9c44c83c0, 0x000001b9c44c85b8]
Event: 145.145 Thread 0x000001b9d542aa50 4604       3       org.eclipse.core.internal.preferences.DefaultPreferences::getLoadLevel (52 bytes)
Event: 145.146 Thread 0x000001b9d542aa50 nmethod 4604 0x000001b9c44c8690 code [0x000001b9c44c8880, 0x000001b9c44c8ed0]
Event: 145.146 Thread 0x000001b9d542aa50 4605       3       org.eclipse.core.internal.preferences.DefaultPreferences::getScopeRelativePath (43 bytes)
Event: 145.147 Thread 0x000001b9d542aa50 nmethod 4605 0x000001b9c44c9110 code [0x000001b9c44c9320, 0x000001b9c44c98d8]
Event: 145.147 Thread 0x000001b9d542aa50 4606       3       org.eclipse.core.internal.preferences.DefaultPreferences::internalPut (66 bytes)
Event: 145.149 Thread 0x000001b9d542aa50 nmethod 4606 0x000001b9c44c9b10 code [0x000001b9c44c9d80, 0x000001b9c44ca7b8]
Event: 145.149 Thread 0x000001b9d542aa50 4607       1       org.eclipse.core.internal.registry.ExtensionRegistry::getObjectManager (5 bytes)
Event: 145.149 Thread 0x000001b9d542aa50 nmethod 4607 0x000001b9cb844410 code [0x000001b9cb8445a0, 0x000001b9cb844668]
Event: 145.174 Thread 0x000001b9d542aa50 4608       3       java.lang.ClassLoader::createOrGetClassLoaderValueMap (37 bytes)
Event: 145.175 Thread 0x000001b9d542aa50 nmethod 4608 0x000001b9c44cab90 code [0x000001b9c44cad60, 0x000001b9c44cb0c0]
Event: 145.196 Thread 0x000001b9d542aa50 4609       3       java.lang.Class::copyMethods (36 bytes)
Event: 145.198 Thread 0x000001b9d542aa50 nmethod 4609 0x000001b9c44cb210 code [0x000001b9c44cb460, 0x000001b9c44cbe38]
Event: 145.229 Thread 0x000001b9d542aa50 4610       3       com.google.inject.internal.BindingImpl::<init> (30 bytes)
Event: 145.230 Thread 0x000001b9d542aa50 nmethod 4610 0x000001b9c44cc290 code [0x000001b9c44cc440, 0x000001b9c44cc610]
Event: 145.297 Thread 0x000001b9d542aa50 4611       3       org.eclipse.sisu.space.asm.ClassReader::readMethod (1055 bytes)
Event: 145.309 Thread 0x000001b9d542aa50 nmethod 4611 0x000001b9c44cc710 code [0x000001b9c44cce80, 0x000001b9c44d0e58]
Event: 145.309 Thread 0x000001b9d542aa50 4612       3       org.eclipse.sisu.space.asm.ClassVisitor::visitMethod (24 bytes)
Event: 145.310 Thread 0x000001b9d542aa50 nmethod 4612 0x000001b9c44d2a10 code [0x000001b9c44d2be0, 0x000001b9c44d2f68]
Event: 145.334 Thread 0x000001b9d542aa50 4613       3       com.google.inject.internal.MoreTypes::isFullySpecified (48 bytes)

GC Heap History (20 events):
Event: 34.015 GC heap before
{Heap before GC invocations=2 (full 0):
 PSYoungGen      total 29696K, used 28790K [0x00000000eab00000, 0x00000000ecc00000, 0x0000000100000000)
  eden space 25600K, 100% used [0x00000000eab00000,0x00000000ec400000,0x00000000ec400000)
  from space 4096K, 77% used [0x00000000ec400000,0x00000000ec71d860,0x00000000ec800000)
  to   space 4096K, 0% used [0x00000000ec800000,0x00000000ec800000,0x00000000ecc00000)
 ParOldGen       total 68608K, used 0K [0x00000000c0000000, 0x00000000c4300000, 0x00000000eab00000)
  object space 68608K, 0% used [0x00000000c0000000,0x00000000c0000000,0x00000000c4300000)
 Metaspace       used 8025K, committed 8320K, reserved 1114112K
  class space    used 787K, committed 896K, reserved 1048576K
}
Event: 34.031 GC heap after
{Heap after GC invocations=2 (full 0):
 PSYoungGen      total 29696K, used 4068K [0x00000000eab00000, 0x00000000ecc00000, 0x0000000100000000)
  eden space 25600K, 0% used [0x00000000eab00000,0x00000000eab00000,0x00000000ec400000)
  from space 4096K, 99% used [0x00000000ec800000,0x00000000ecbf91b8,0x00000000ecc00000)
  to   space 4096K, 0% used [0x00000000ec400000,0x00000000ec400000,0x00000000ec800000)
 ParOldGen       total 68608K, used 1681K [0x00000000c0000000, 0x00000000c4300000, 0x00000000eab00000)
  object space 68608K, 2% used [0x00000000c0000000,0x00000000c01a46a8,0x00000000c4300000)
 Metaspace       used 8025K, committed 8320K, reserved 1114112K
  class space    used 787K, committed 896K, reserved 1048576K
}
Event: 44.964 GC heap before
{Heap before GC invocations=3 (full 0):
 PSYoungGen      total 29696K, used 29659K [0x00000000eab00000, 0x00000000ecc00000, 0x0000000100000000)
  eden space 25600K, 99% used [0x00000000eab00000,0x00000000ec3fdcd8,0x00000000ec400000)
  from space 4096K, 99% used [0x00000000ec800000,0x00000000ecbf91b8,0x00000000ecc00000)
  to   space 4096K, 0% used [0x00000000ec400000,0x00000000ec400000,0x00000000ec800000)
 ParOldGen       total 68608K, used 1681K [0x00000000c0000000, 0x00000000c4300000, 0x00000000eab00000)
  object space 68608K, 2% used [0x00000000c0000000,0x00000000c01a46a8,0x00000000c4300000)
 Metaspace       used 9213K, committed 9536K, reserved 1114112K
  class space    used 915K, committed 1088K, reserved 1048576K
}
Event: 44.999 GC heap after
{Heap after GC invocations=3 (full 0):
 PSYoungGen      total 29696K, used 4089K [0x00000000eab00000, 0x00000000ecc00000, 0x0000000100000000)
  eden space 25600K, 0% used [0x00000000eab00000,0x00000000eab00000,0x00000000ec400000)
  from space 4096K, 99% used [0x00000000ec400000,0x00000000ec7fe588,0x00000000ec800000)
  to   space 4096K, 0% used [0x00000000ec800000,0x00000000ec800000,0x00000000ecc00000)
 ParOldGen       total 68608K, used 5690K [0x00000000c0000000, 0x00000000c4300000, 0x00000000eab00000)
  object space 68608K, 8% used [0x00000000c0000000,0x00000000c058ea48,0x00000000c4300000)
 Metaspace       used 9213K, committed 9536K, reserved 1114112K
  class space    used 915K, committed 1088K, reserved 1048576K
}
Event: 52.654 GC heap before
{Heap before GC invocations=4 (full 0):
 PSYoungGen      total 29696K, used 29689K [0x00000000eab00000, 0x00000000ecc00000, 0x0000000100000000)
  eden space 25600K, 100% used [0x00000000eab00000,0x00000000ec400000,0x00000000ec400000)
  from space 4096K, 99% used [0x00000000ec400000,0x00000000ec7fe588,0x00000000ec800000)
  to   space 4096K, 0% used [0x00000000ec800000,0x00000000ec800000,0x00000000ecc00000)
 ParOldGen       total 68608K, used 5690K [0x00000000c0000000, 0x00000000c4300000, 0x00000000eab00000)
  object space 68608K, 8% used [0x00000000c0000000,0x00000000c058ea48,0x00000000c4300000)
 Metaspace       used 12632K, committed 13056K, reserved 1114112K
  class space    used 1257K, committed 1408K, reserved 1048576K
}
Event: 52.674 GC heap after
{Heap after GC invocations=4 (full 0):
 PSYoungGen      total 29696K, used 4083K [0x00000000eab00000, 0x00000000ecc00000, 0x0000000100000000)
  eden space 25600K, 0% used [0x00000000eab00000,0x00000000eab00000,0x00000000ec400000)
  from space 4096K, 99% used [0x00000000ec800000,0x00000000ecbfce58,0x00000000ecc00000)
  to   space 4096K, 0% used [0x00000000ec400000,0x00000000ec400000,0x00000000ec800000)
 ParOldGen       total 68608K, used 7343K [0x00000000c0000000, 0x00000000c4300000, 0x00000000eab00000)
  object space 68608K, 10% used [0x00000000c0000000,0x00000000c072bd28,0x00000000c4300000)
 Metaspace       used 12632K, committed 13056K, reserved 1114112K
  class space    used 1257K, committed 1408K, reserved 1048576K
}
Event: 62.622 GC heap before
{Heap before GC invocations=5 (full 0):
 PSYoungGen      total 29696K, used 29683K [0x00000000eab00000, 0x00000000ecc00000, 0x0000000100000000)
  eden space 25600K, 100% used [0x00000000eab00000,0x00000000ec400000,0x00000000ec400000)
  from space 4096K, 99% used [0x00000000ec800000,0x00000000ecbfce58,0x00000000ecc00000)
  to   space 4096K, 0% used [0x00000000ec400000,0x00000000ec400000,0x00000000ec800000)
 ParOldGen       total 68608K, used 7343K [0x00000000c0000000, 0x00000000c4300000, 0x00000000eab00000)
  object space 68608K, 10% used [0x00000000c0000000,0x00000000c072bd28,0x00000000c4300000)
 Metaspace       used 16277K, committed 16896K, reserved 1114112K
  class space    used 1589K, committed 1856K, reserved 1048576K
}
Event: 62.662 GC heap after
{Heap after GC invocations=5 (full 0):
 PSYoungGen      total 29184K, used 4078K [0x00000000eab00000, 0x00000000ecf80000, 0x0000000100000000)
  eden space 25088K, 0% used [0x00000000eab00000,0x00000000eab00000,0x00000000ec380000)
  from space 4096K, 99% used [0x00000000ec400000,0x00000000ec7fb9a0,0x00000000ec800000)
  to   space 6144K, 0% used [0x00000000ec980000,0x00000000ec980000,0x00000000ecf80000)
 ParOldGen       total 68608K, used 8865K [0x00000000c0000000, 0x00000000c4300000, 0x00000000eab00000)
  object space 68608K, 12% used [0x00000000c0000000,0x00000000c08a85b0,0x00000000c4300000)
 Metaspace       used 16277K, committed 16896K, reserved 1114112K
  class space    used 1589K, committed 1856K, reserved 1048576K
}
Event: 130.331 GC heap before
{Heap before GC invocations=6 (full 0):
 PSYoungGen      total 29184K, used 29166K [0x00000000eab00000, 0x00000000ecf80000, 0x0000000100000000)
  eden space 25088K, 100% used [0x00000000eab00000,0x00000000ec380000,0x00000000ec380000)
  from space 4096K, 99% used [0x00000000ec400000,0x00000000ec7fb9a0,0x00000000ec800000)
  to   space 6144K, 0% used [0x00000000ec980000,0x00000000ec980000,0x00000000ecf80000)
 ParOldGen       total 68608K, used 8865K [0x00000000c0000000, 0x00000000c4300000, 0x00000000eab00000)
  object space 68608K, 12% used [0x00000000c0000000,0x00000000c08a85b0,0x00000000c4300000)
 Metaspace       used 19012K, committed 19840K, reserved 1114112K
  class space    used 1886K, committed 2240K, reserved 1048576K
}
Event: 130.569 GC heap after
{Heap after GC invocations=6 (full 0):
 PSYoungGen      total 30208K, used 5446K [0x00000000eab00000, 0x00000000ecf00000, 0x0000000100000000)
  eden space 24576K, 0% used [0x00000000eab00000,0x00000000eab00000,0x00000000ec300000)
  from space 5632K, 96% used [0x00000000ec980000,0x00000000eced1a70,0x00000000ecf00000)
  to   space 5632K, 0% used [0x00000000ec400000,0x00000000ec400000,0x00000000ec980000)
 ParOldGen       total 68608K, used 8873K [0x00000000c0000000, 0x00000000c4300000, 0x00000000eab00000)
  object space 68608K, 12% used [0x00000000c0000000,0x00000000c08aa5b0,0x00000000c4300000)
 Metaspace       used 19012K, committed 19840K, reserved 1114112K
  class space    used 1886K, committed 2240K, reserved 1048576K
}
Event: 135.864 GC heap before
{Heap before GC invocations=7 (full 0):
 PSYoungGen      total 30208K, used 21814K [0x00000000eab00000, 0x00000000ecf00000, 0x0000000100000000)
  eden space 24576K, 66% used [0x00000000eab00000,0x00000000ebafbf50,0x00000000ec300000)
  from space 5632K, 96% used [0x00000000ec980000,0x00000000eced1a70,0x00000000ecf00000)
  to   space 5632K, 0% used [0x00000000ec400000,0x00000000ec400000,0x00000000ec980000)
 ParOldGen       total 68608K, used 8873K [0x00000000c0000000, 0x00000000c4300000, 0x00000000eab00000)
  object space 68608K, 12% used [0x00000000c0000000,0x00000000c08aa5b0,0x00000000c4300000)
 Metaspace       used 20785K, committed 21504K, reserved 1114112K
  class space    used 2077K, committed 2368K, reserved 1048576K
}
Event: 135.899 GC heap after
{Heap after GC invocations=7 (full 0):
 PSYoungGen      total 29184K, used 4342K [0x00000000eab00000, 0x00000000ecd00000, 0x0000000100000000)
  eden space 24576K, 0% used [0x00000000eab00000,0x00000000eab00000,0x00000000ec300000)
  from space 4608K, 94% used [0x00000000ec400000,0x00000000ec83db60,0x00000000ec880000)
  to   space 4608K, 0% used [0x00000000ec880000,0x00000000ec880000,0x00000000ecd00000)
 ParOldGen       total 68608K, used 10205K [0x00000000c0000000, 0x00000000c4300000, 0x00000000eab00000)
  object space 68608K, 14% used [0x00000000c0000000,0x00000000c09f77a8,0x00000000c4300000)
 Metaspace       used 20785K, committed 21504K, reserved 1114112K
  class space    used 2077K, committed 2368K, reserved 1048576K
}
Event: 135.899 GC heap before
{Heap before GC invocations=8 (full 1):
 PSYoungGen      total 29184K, used 4342K [0x00000000eab00000, 0x00000000ecd00000, 0x0000000100000000)
  eden space 24576K, 0% used [0x00000000eab00000,0x00000000eab00000,0x00000000ec300000)
  from space 4608K, 94% used [0x00000000ec400000,0x00000000ec83db60,0x00000000ec880000)
  to   space 4608K, 0% used [0x00000000ec880000,0x00000000ec880000,0x00000000ecd00000)
 ParOldGen       total 68608K, used 10205K [0x00000000c0000000, 0x00000000c4300000, 0x00000000eab00000)
  object space 68608K, 14% used [0x00000000c0000000,0x00000000c09f77a8,0x00000000c4300000)
 Metaspace       used 20785K, committed 21504K, reserved 1114112K
  class space    used 2077K, committed 2368K, reserved 1048576K
}
Event: 136.400 GC heap after
{Heap after GC invocations=8 (full 1):
 PSYoungGen      total 29184K, used 0K [0x00000000eab00000, 0x00000000ecd00000, 0x0000000100000000)
  eden space 24576K, 0% used [0x00000000eab00000,0x00000000eab00000,0x00000000ec300000)
  from space 4608K, 0% used [0x00000000ec400000,0x00000000ec400000,0x00000000ec880000)
  to   space 4608K, 0% used [0x00000000ec880000,0x00000000ec880000,0x00000000ecd00000)
 ParOldGen       total 68608K, used 13196K [0x00000000c0000000, 0x00000000c4300000, 0x00000000eab00000)
  object space 68608K, 19% used [0x00000000c0000000,0x00000000c0ce3268,0x00000000c4300000)
 Metaspace       used 20773K, committed 21504K, reserved 1114112K
  class space    used 2074K, committed 2368K, reserved 1048576K
}
Event: 138.601 GC heap before
{Heap before GC invocations=9 (full 1):
 PSYoungGen      total 29184K, used 24576K [0x00000000eab00000, 0x00000000ecd00000, 0x0000000100000000)
  eden space 24576K, 100% used [0x00000000eab00000,0x00000000ec300000,0x00000000ec300000)
  from space 4608K, 0% used [0x00000000ec400000,0x00000000ec400000,0x00000000ec880000)
  to   space 4608K, 0% used [0x00000000ec880000,0x00000000ec880000,0x00000000ecd00000)
 ParOldGen       total 68608K, used 13196K [0x00000000c0000000, 0x00000000c4300000, 0x00000000eab00000)
  object space 68608K, 19% used [0x00000000c0000000,0x00000000c0ce3268,0x00000000c4300000)
 Metaspace       used 23129K, committed 24064K, reserved 1114112K
  class space    used 2308K, committed 2688K, reserved 1048576K
}
Event: 138.608 GC heap after
{Heap after GC invocations=9 (full 1):
 PSYoungGen      total 25088K, used 549K [0x00000000eab00000, 0x00000000ec980000, 0x0000000100000000)
  eden space 24064K, 0% used [0x00000000eab00000,0x00000000eab00000,0x00000000ec280000)
  from space 1024K, 53% used [0x00000000ec880000,0x00000000ec909400,0x00000000ec980000)
  to   space 2048K, 0% used [0x00000000ec580000,0x00000000ec580000,0x00000000ec780000)
 ParOldGen       total 68608K, used 13204K [0x00000000c0000000, 0x00000000c4300000, 0x00000000eab00000)
  object space 68608K, 19% used [0x00000000c0000000,0x00000000c0ce5268,0x00000000c4300000)
 Metaspace       used 23129K, committed 24064K, reserved 1114112K
  class space    used 2308K, committed 2688K, reserved 1048576K
}
Event: 142.918 GC heap before
{Heap before GC invocations=10 (full 1):
 PSYoungGen      total 25088K, used 24613K [0x00000000eab00000, 0x00000000ec980000, 0x0000000100000000)
  eden space 24064K, 100% used [0x00000000eab00000,0x00000000ec280000,0x00000000ec280000)
  from space 1024K, 53% used [0x00000000ec880000,0x00000000ec909400,0x00000000ec980000)
  to   space 2048K, 0% used [0x00000000ec580000,0x00000000ec580000,0x00000000ec780000)
 ParOldGen       total 68608K, used 13204K [0x00000000c0000000, 0x00000000c4300000, 0x00000000eab00000)
  object space 68608K, 19% used [0x00000000c0000000,0x00000000c0ce5268,0x00000000c4300000)
 Metaspace       used 26981K, committed 27840K, reserved 1114112K
  class space    used 2668K, committed 3072K, reserved 1048576K
}
Event: 142.924 GC heap after
{Heap after GC invocations=10 (full 1):
 PSYoungGen      total 25600K, used 1074K [0x00000000eab00000, 0x00000000ec900000, 0x0000000100000000)
  eden space 23552K, 0% used [0x00000000eab00000,0x00000000eab00000,0x00000000ec200000)
  from space 2048K, 52% used [0x00000000ec580000,0x00000000ec68cb00,0x00000000ec780000)
  to   space 1536K, 0% used [0x00000000ec780000,0x00000000ec780000,0x00000000ec900000)
 ParOldGen       total 68608K, used 13212K [0x00000000c0000000, 0x00000000c4300000, 0x00000000eab00000)
  object space 68608K, 19% used [0x00000000c0000000,0x00000000c0ce7268,0x00000000c4300000)
 Metaspace       used 26981K, committed 27840K, reserved 1114112K
  class space    used 2668K, committed 3072K, reserved 1048576K
}
Event: 144.425 GC heap before
{Heap before GC invocations=11 (full 1):
 PSYoungGen      total 25600K, used 24626K [0x00000000eab00000, 0x00000000ec900000, 0x0000000100000000)
  eden space 23552K, 100% used [0x00000000eab00000,0x00000000ec200000,0x00000000ec200000)
  from space 2048K, 52% used [0x00000000ec580000,0x00000000ec68cb00,0x00000000ec780000)
  to   space 1536K, 0% used [0x00000000ec780000,0x00000000ec780000,0x00000000ec900000)
 ParOldGen       total 68608K, used 13212K [0x00000000c0000000, 0x00000000c4300000, 0x00000000eab00000)
  object space 68608K, 19% used [0x00000000c0000000,0x00000000c0ce7268,0x00000000c4300000)
 Metaspace       used 29168K, committed 30016K, reserved 1114112K
  class space    used 2887K, committed 3264K, reserved 1048576K
}
Event: 144.436 GC heap after
{Heap after GC invocations=11 (full 1):
 PSYoungGen      total 24064K, used 874K [0x00000000eab00000, 0x00000000ec880000, 0x0000000100000000)
  eden space 23040K, 0% used [0x00000000eab00000,0x00000000eab00000,0x00000000ec180000)
  from space 1024K, 85% used [0x00000000ec780000,0x00000000ec85a8e0,0x00000000ec880000)
  to   space 1024K, 0% used [0x00000000ec680000,0x00000000ec680000,0x00000000ec780000)
 ParOldGen       total 68608K, used 13632K [0x00000000c0000000, 0x00000000c4300000, 0x00000000eab00000)
  object space 68608K, 19% used [0x00000000c0000000,0x00000000c0d50398,0x00000000c4300000)
 Metaspace       used 29168K, committed 30016K, reserved 1114112K
  class space    used 2887K, committed 3264K, reserved 1048576K
}

Dll operation events (10 events):
Event: 1.763 Loaded shared library c:\Users\DELL\.vscode\extensions\redhat.java-1.39.0-win32-x64\jre\21.0.5-win32-x86_64\bin\java.dll
Event: 6.247 Loaded shared library c:\Users\DELL\.vscode\extensions\redhat.java-1.39.0-win32-x64\jre\21.0.5-win32-x86_64\bin\zip.dll
Event: 7.142 Loaded shared library C:\Users\DELL\.vscode\extensions\redhat.java-1.39.0-win32-x64\jre\21.0.5-win32-x86_64\bin\instrument.dll
Event: 8.151 Loaded shared library C:\Users\DELL\.vscode\extensions\redhat.java-1.39.0-win32-x64\jre\21.0.5-win32-x86_64\bin\net.dll
Event: 8.733 Loaded shared library C:\Users\DELL\.vscode\extensions\redhat.java-1.39.0-win32-x64\jre\21.0.5-win32-x86_64\bin\nio.dll
Event: 8.831 Loaded shared library C:\Users\DELL\.vscode\extensions\redhat.java-1.39.0-win32-x64\jre\21.0.5-win32-x86_64\bin\zip.dll
Event: 9.463 Loaded shared library C:\Users\DELL\.vscode\extensions\redhat.java-1.39.0-win32-x64\jre\21.0.5-win32-x86_64\bin\jimage.dll
Event: 10.968 Loaded shared library c:\Users\DELL\.vscode\extensions\redhat.java-1.39.0-win32-x64\jre\21.0.5-win32-x86_64\bin\verify.dll
Event: 33.838 Loaded shared library C:\Users\DELL\AppData\Roaming\Code\User\globalStorage\redhat.java\1.39.0\config_win\org.eclipse.equinox.launcher\org.eclipse.equinox.launcher.win32.win32.x86_64_1.2.1100.v20240722-2106\eclipse_11904.dll
Event: 101.366 Loaded shared library C:\Users\DELL\AppData\Local\Temp\jna-2094529\jna12032971058485356535.dll

Deoptimization events (20 events):
Event: 143.325 Thread 0x000001ba17b62020 Uncommon trap: trap_request=0xffffff45 fr.pc=0x000001b9cb72b430 relative=0x0000000000000110
Event: 143.325 Thread 0x000001ba17b62020 Uncommon trap: reason=unstable_if action=reinterpret pc=0x000001b9cb72b430 method=java.util.ArrayList.indexOfRange(Ljava/lang/Object;II)I @ 7 c2
Event: 143.325 Thread 0x000001ba17b62020 DEOPT PACKING pc=0x000001b9cb72b430 sp=0x0000001dc0bfdfa0
Event: 143.325 Thread 0x000001ba17b62020 DEOPT UNPACKING pc=0x000001b9cb0b3aa2 sp=0x0000001dc0bfdf20 mode 2
Event: 143.333 Thread 0x000001ba17b62020 Uncommon trap: trap_request=0xffffff45 fr.pc=0x000001b9cb827428 relative=0x00000000000023c8
Event: 143.333 Thread 0x000001ba17b62020 Uncommon trap: reason=unstable_if action=reinterpret pc=0x000001b9cb827428 method=sun.nio.cs.StreamDecoder.implRead([CII)I @ 186 c2
Event: 143.333 Thread 0x000001ba17b62020 DEOPT PACKING pc=0x000001b9cb827428 sp=0x0000001dc0bfda00
Event: 143.333 Thread 0x000001ba17b62020 DEOPT UNPACKING pc=0x000001b9cb0b3aa2 sp=0x0000001dc0bfd678 mode 2
Event: 143.425 Thread 0x000001ba17c41240 Uncommon trap: trap_request=0xffffff45 fr.pc=0x000001b9cb81fc24 relative=0x0000000000000364
Event: 143.425 Thread 0x000001ba17c41240 Uncommon trap: reason=unstable_if action=reinterpret pc=0x000001b9cb81fc24 method=org.lombokweb.asm.Label.resolve([BLorg/lombokweb/asm/ByteVector;I)Z @ 81 c2
Event: 143.425 Thread 0x000001ba17c41240 DEOPT PACKING pc=0x000001b9cb81fc24 sp=0x0000001dc06f2620
Event: 143.425 Thread 0x000001ba17c41240 DEOPT UNPACKING pc=0x000001b9cb0b3aa2 sp=0x0000001dc06f2528 mode 2
Event: 143.850 Thread 0x000001ba17b62020 Uncommon trap: trap_request=0xffffff45 fr.pc=0x000001b9cb82f3ec relative=0x000000000000220c
Event: 143.850 Thread 0x000001ba17b62020 Uncommon trap: reason=unstable_if action=reinterpret pc=0x000001b9cb82f3ec method=sun.nio.cs.StreamDecoder.lockedRead0()I @ 30 c2
Event: 143.850 Thread 0x000001ba17b62020 DEOPT PACKING pc=0x000001b9cb82f3ec sp=0x0000001dc0bfdd60
Event: 143.850 Thread 0x000001ba17b62020 DEOPT UNPACKING pc=0x000001b9cb0b3aa2 sp=0x0000001dc0bfdc48 mode 2
Event: 143.985 Thread 0x000001ba17b62020 Uncommon trap: trap_request=0xffffff45 fr.pc=0x000001b9cb83beac relative=0x0000000000000a4c
Event: 143.985 Thread 0x000001ba17b62020 Uncommon trap: reason=unstable_if action=reinterpret pc=0x000001b9cb83beac method=org.codehaus.plexus.util.xml.pull.MXParser.nextImpl()I @ 241 c2
Event: 143.985 Thread 0x000001ba17b62020 DEOPT PACKING pc=0x000001b9cb83beac sp=0x0000001dc0bfe170
Event: 143.985 Thread 0x000001ba17b62020 DEOPT UNPACKING pc=0x000001b9cb0b3aa2 sp=0x0000001dc0bfe0e0 mode 2

Classes loaded (20 events):
Event: 142.292 Loading class java/lang/reflect/WildcardType
Event: 142.292 Loading class java/lang/reflect/WildcardType done
Event: 142.299 Loading class sun/reflect/generics/tree/TypeVariableSignature
Event: 142.299 Loading class sun/reflect/generics/tree/TypeVariableSignature done
Event: 142.747 Loading class java/math/BigDecimal
Event: 142.751 Loading class java/math/BigDecimal done
Event: 142.792 Loading class java/lang/Character$UnicodeBlock
Event: 142.795 Loading class java/lang/Character$Subset
Event: 142.796 Loading class java/lang/Character$Subset done
Event: 142.799 Loading class java/lang/Character$UnicodeBlock done
Event: 143.000 Loading class java/lang/annotation/IncompleteAnnotationException
Event: 143.001 Loading class java/lang/annotation/IncompleteAnnotationException done
Event: 143.353 Loading class java/lang/foreign/MemorySegment
Event: 143.355 Loading class java/lang/foreign/MemorySegment done
Event: 144.087 Loading class sun/reflect/generics/reflectiveObjects/TypeVariableImpl
Event: 144.114 Loading class sun/reflect/generics/reflectiveObjects/LazyReflectiveObjectGenerator
Event: 144.147 Loading class sun/reflect/generics/reflectiveObjects/LazyReflectiveObjectGenerator done
Event: 144.147 Loading class sun/reflect/generics/reflectiveObjects/TypeVariableImpl done
Event: 144.148 Loading class sun/reflect/generics/reflectiveObjects/ParameterizedTypeImpl
Event: 144.149 Loading class sun/reflect/generics/reflectiveObjects/ParameterizedTypeImpl done

Classes unloaded (7 events):
Event: 135.938 Thread 0x000001b9bf07e410 Unloading class 0x000001b9d719d400 'java/lang/invoke/LambdaForm$MH+0x000001b9d719d400'
Event: 135.938 Thread 0x000001b9bf07e410 Unloading class 0x000001b9d719d000 'java/lang/invoke/LambdaForm$MH+0x000001b9d719d000'
Event: 135.938 Thread 0x000001b9bf07e410 Unloading class 0x000001b9d719cc00 'java/lang/invoke/LambdaForm$MH+0x000001b9d719cc00'
Event: 135.938 Thread 0x000001b9bf07e410 Unloading class 0x000001b9d719c800 'java/lang/invoke/LambdaForm$MH+0x000001b9d719c800'
Event: 135.938 Thread 0x000001b9bf07e410 Unloading class 0x000001b9d719c400 'java/lang/invoke/LambdaForm$BMH+0x000001b9d719c400'
Event: 135.938 Thread 0x000001b9bf07e410 Unloading class 0x000001b9d719c000 'java/lang/invoke/LambdaForm$DMH+0x000001b9d719c000'
Event: 135.938 Thread 0x000001b9bf07e410 Unloading class 0x000001b9d719ac00 'java/lang/invoke/LambdaForm$DMH+0x000001b9d719ac00'

Classes redefined (0 events):
No events

Internal exceptions (20 events):
Event: 136.659 Thread 0x000001ba17b62020 Exception <a 'java/lang/NoSuchMethodError'{0x00000000eadff7f0}: 'java.lang.Object java.lang.invoke.DirectMethodHandle$Holder.invokeStaticInit(java.lang.Object, java.lang.Object, java.lang.Object, java.lang.Object, java.lang.Object, java.lang.Object, java.lang.Object)'> (0x00000000eadff7f0) 
thrown [s\src\hotspot\share\interpreter\linkResolver.cpp, line 773]
Event: 136.661 Thread 0x000001ba17b62020 Exception <a 'java/lang/NoSuchMethodError'{0x00000000eae03fc8}: 'java.lang.Object java.lang.invoke.Invokers$Holder.invoke_MT(java.lang.Object, java.lang.Object, java.lang.Object, java.lang.Object, java.lang.Object, java.lang.Object, java.lang.Object, java.lang.Object, java.lang.Object)'> (0x00000000eae03fc8) 
thrown [s\src\hotspot\share\interpreter\linkResolver.cpp, line 773]
Event: 136.710 Thread 0x000001ba17b62020 Exception <a 'java/lang/NoSuchMethodError'{0x00000000eaf2e800}: 'int java.lang.invoke.DirectMethodHandle$Holder.invokeVirtual(java.lang.Object, java.lang.Object, java.lang.Object)'> (0x00000000eaf2e800) 
thrown [s\src\hotspot\share\interpreter\linkResolver.cpp, line 773]
Event: 136.711 Thread 0x000001ba17b62020 Exception <a 'java/lang/NoSuchMethodError'{0x00000000eaf32778}: 'int java.lang.invoke.DirectMethodHandle$Holder.invokeStaticInit(java.lang.Object, int, int)'> (0x00000000eaf32778) 
thrown [s\src\hotspot\share\interpreter\linkResolver.cpp, line 773]
Event: 136.712 Thread 0x000001ba17b62020 Exception <a 'java/lang/NoSuchMethodError'{0x00000000eaf3ea00}: 'int java.lang.invoke.DirectMethodHandle$Holder.invokeStaticInit(java.lang.Object, long, long)'> (0x00000000eaf3ea00) 
thrown [s\src\hotspot\share\interpreter\linkResolver.cpp, line 773]
Event: 136.716 Thread 0x000001ba17b62020 Exception <a 'java/lang/NoSuchMethodError'{0x00000000eaf455e0}: 'int java.lang.invoke.DirectMethodHandle$Holder.invokeStaticInit(java.lang.Object, float, float)'> (0x00000000eaf455e0) 
thrown [s\src\hotspot\share\interpreter\linkResolver.cpp, line 773]
Event: 136.717 Thread 0x000001ba17b62020 Exception <a 'java/lang/NoSuchMethodError'{0x00000000eaf4c1e0}: 'int java.lang.invoke.DirectMethodHandle$Holder.invokeStaticInit(java.lang.Object, double, double)'> (0x00000000eaf4c1e0) 
thrown [s\src\hotspot\share\interpreter\linkResolver.cpp, line 773]
Event: 136.718 Thread 0x000001ba17b62020 Exception <a 'java/lang/NoSuchMethodError'{0x00000000eaf50610}: 'int java.lang.invoke.DirectMethodHandle$Holder.invokeStatic(java.lang.Object, long)'> (0x00000000eaf50610) 
thrown [s\src\hotspot\share\interpreter\linkResolver.cpp, line 773]
Event: 136.735 Thread 0x000001ba17b62020 Exception <a 'java/lang/NoSuchMethodError'{0x00000000eaf6f118}: 'int java.lang.invoke.Invokers$Holder.linkToTargetMethod(java.lang.Object, java.lang.Object)'> (0x00000000eaf6f118) 
thrown [s\src\hotspot\share\interpreter\linkResolver.cpp, line 773]
Event: 136.838 Thread 0x000001ba17b633d0 Exception <a 'java/lang/NoSuchMethodError'{0x00000000eab8c1a0}: 'int java.lang.invoke.DirectMethodHandle$Holder.invokeSpecial(java.lang.Object, java.lang.Object, java.lang.Object, java.lang.Object)'> (0x00000000eab8c1a0) 
thrown [s\src\hotspot\share\interpreter\linkResolver.cpp, line 773]
Event: 136.841 Thread 0x000001ba17b633d0 Exception <a 'java/lang/NoSuchMethodError'{0x00000000eb0fab60}: 'java.lang.Object java.lang.invoke.DirectMethodHandle$Holder.invokeStatic(java.lang.Object, int, java.lang.Object, java.lang.Object)'> (0x00000000eb0fab60) 
thrown [s\src\hotspot\share\interpreter\linkResolver.cpp, line 773]
Event: 136.842 Thread 0x000001ba17b633d0 Exception <a 'java/lang/NoSuchMethodError'{0x00000000eb0fe340}: 'java.lang.Object java.lang.invoke.DelegatingMethodHandle$Holder.delegate(java.lang.Object, int, java.lang.Object, java.lang.Object)'> (0x00000000eb0fe340) 
thrown [s\src\hotspot\share\interpreter\linkResolver.cpp, line 773]
Event: 136.851 Thread 0x000001ba17b633d0 Exception <a 'java/lang/NoSuchMethodError'{0x00000000eb14b970}: 'int java.lang.invoke.Invokers$Holder.linkToTargetMethod(java.lang.Object, java.lang.Object, java.lang.Object)'> (0x00000000eb14b970) 
thrown [s\src\hotspot\share\interpreter\linkResolver.cpp, line 773]
Event: 137.099 Thread 0x000001ba17b62020 Exception <a 'java/lang/NoSuchMethodError'{0x00000000eb475288}: 'java.lang.Object java.lang.invoke.DirectMethodHandle$Holder.invokeSpecialIFC(java.lang.Object, java.lang.Object, java.lang.Object, java.lang.Object)'> (0x00000000eb475288) 
thrown [s\src\hotspot\share\interpreter\linkResolver.cpp, line 773]
Event: 138.643 Thread 0x000001ba17c41240 Exception <a 'java/io/FileNotFoundException'{0x00000000eab4aa18}> (0x00000000eab4aa18) 
thrown [s\src\hotspot\share\prims\jni.cpp, line 520]
Event: 138.643 Thread 0x000001ba17c41240 Exception <a 'java/io/FileNotFoundException'{0x00000000eab4b848}> (0x00000000eab4b848) 
thrown [s\src\hotspot\share\prims\jni.cpp, line 520]
Event: 138.644 Thread 0x000001ba17c41240 Exception <a 'java/io/FileNotFoundException'{0x00000000eab4c778}> (0x00000000eab4c778) 
thrown [s\src\hotspot\share\prims\jni.cpp, line 520]
Event: 139.653 Thread 0x000001ba17b62020 Exception <a 'java/lang/NoSuchMethodError'{0x00000000eb56df50}: 'int java.lang.invoke.DirectMethodHandle$Holder.invokeStatic(java.lang.Object, java.lang.Object, java.lang.Object, java.lang.Object, java.lang.Object)'> (0x00000000eb56df50) 
thrown [s\src\hotspot\share\interpreter\linkResolver.cpp, line 773]
Event: 143.002 Thread 0x000001ba17b62020 Exception <a 'java/lang/NoClassDefFoundError'{0x00000000eac0fbd0}: javax/enterprise/inject/Typed> (0x00000000eac0fbd0) 
thrown [s\src\hotspot\share\classfile\systemDictionary.cpp, line 301]
Event: 145.280 Thread 0x000001ba17c41240 Exception <a 'java/io/FileNotFoundException'{0x00000000ebc4fb98}> (0x00000000ebc4fb98) 
thrown [s\src\hotspot\share\prims\jni.cpp, line 520]

ZGC Phase Switch (0 events):
No events

VM Operations (20 events):
Event: 136.799 Executing VM operation: HandshakeAllThreads (Deoptimize)
Event: 136.800 Executing VM operation: HandshakeAllThreads (Deoptimize) done
Event: 137.799 Executing VM operation: Cleanup
Event: 137.800 Executing VM operation: Cleanup done
Event: 138.600 Executing VM operation: ParallelGCFailedAllocation (Allocation Failure)
Event: 138.608 Executing VM operation: ParallelGCFailedAllocation (Allocation Failure) done
Event: 139.608 Executing VM operation: Cleanup
Event: 139.609 Executing VM operation: Cleanup done
Event: 141.609 Executing VM operation: Cleanup
Event: 141.610 Executing VM operation: Cleanup done
Event: 142.625 Executing VM operation: Cleanup
Event: 142.625 Executing VM operation: Cleanup done
Event: 142.729 Executing VM operation: HandshakeAllThreads (Deoptimize)
Event: 142.729 Executing VM operation: HandshakeAllThreads (Deoptimize) done
Event: 142.905 Executing VM operation: ParallelGCFailedAllocation (Allocation Failure)
Event: 142.924 Executing VM operation: ParallelGCFailedAllocation (Allocation Failure) done
Event: 143.934 Executing VM operation: Cleanup
Event: 143.980 Executing VM operation: Cleanup done
Event: 144.425 Executing VM operation: ParallelGCFailedAllocation (Allocation Failure)
Event: 144.437 Executing VM operation: ParallelGCFailedAllocation (Allocation Failure) done

Memory protections (0 events):
No events

Nmethod flushes (0 events):
No events

Events (20 events):
Event: 5.692 Thread 0x000001b9befc0e80 Thread added: 0x000001b9bf02bf60
Event: 11.772 Thread 0x000001b9befc0e80 Thread added: 0x000001ba17596480
Event: 30.831 Thread 0x000001b9befc0e80 Thread added: 0x000001ba17a07240
Event: 33.457 Thread 0x000001b9befc0e80 Thread added: 0x000001ba17c0b3b0
Event: 34.036 Thread 0x000001ba17c0b3b0 Thread added: 0x000001ba17c40be0
Event: 34.067 Thread 0x000001b9befc0e80 Thread added: 0x000001ba17c41240
Event: 41.958 Thread 0x000001ba17c41240 Thread added: 0x000001ba17bef130
Event: 47.185 Thread 0x000001ba17c41240 Thread added: 0x000001ba17499540
Event: 48.305 Thread 0x000001ba17c41240 Thread added: 0x000001ba17430d90
Event: 55.274 Thread 0x000001ba17c41240 Thread added: 0x000001ba17b61990
Event: 58.194 Thread 0x000001ba17430d90 Thread exited: 0x000001ba17430d90
Event: 107.118 Thread 0x000001ba17c41240 Thread added: 0x000001ba17b626b0
Event: 110.364 Thread 0x000001ba17c41240 Thread added: 0x000001ba17b61300
Event: 113.533 Thread 0x000001ba17c41240 Thread added: 0x000001ba17b62020
Event: 113.631 Thread 0x000001ba17c41240 Thread added: 0x000001ba17b63a60
Event: 119.354 Thread 0x000001ba17b63a60 Thread exited: 0x000001ba17b63a60
Event: 131.775 Thread 0x000001ba17c41240 Thread added: 0x000001ba17b62d40
Event: 136.401 Thread 0x000001ba17b61300 Thread added: 0x000001ba17b633d0
Event: 136.987 Thread 0x000001ba17b61300 Thread added: 0x000001ba17b63a60
Event: 140.725 Thread 0x000001ba17b62d40 Thread exited: 0x000001ba17b62d40


Dynamic libraries:
0x00007ff7fe530000 - 0x00007ff7fe53e000 	c:\Users\DELL\.vscode\extensions\redhat.java-1.39.0-win32-x64\jre\21.0.5-win32-x86_64\bin\java.exe
0x00007ffe0ffd0000 - 0x00007ffe101c8000 	C:\Windows\SYSTEM32\ntdll.dll
0x00007ffe0eff0000 - 0x00007ffe0f0b2000 	C:\Windows\System32\KERNEL32.DLL
0x00007ffe0d6e0000 - 0x00007ffe0d9df000 	C:\Windows\System32\KERNELBASE.dll
0x00007ffe0dc90000 - 0x00007ffe0dd90000 	C:\Windows\System32\ucrtbase.dll
0x00007ffdffe10000 - 0x00007ffdffe2e000 	c:\Users\DELL\.vscode\extensions\redhat.java-1.39.0-win32-x64\jre\21.0.5-win32-x86_64\bin\VCRUNTIME140.dll
0x00007ffdffeb0000 - 0x00007ffdffec8000 	c:\Users\DELL\.vscode\extensions\redhat.java-1.39.0-win32-x64\jre\21.0.5-win32-x86_64\bin\jli.dll
0x00007ffe0e0a0000 - 0x00007ffe0e23d000 	C:\Windows\System32\USER32.dll
0x00007ffe0d660000 - 0x00007ffe0d682000 	C:\Windows\System32\win32u.dll
0x00007ffe0ef40000 - 0x00007ffe0ef6b000 	C:\Windows\System32\GDI32.dll
0x00007ffe0dec0000 - 0x00007ffe0dfd7000 	C:\Windows\System32\gdi32full.dll
0x00007ffdfd8a0000 - 0x00007ffdfdb3a000 	C:\Windows\WinSxS\amd64_microsoft.windows.common-controls_6595b64144ccf1df_6.0.19041.4355_none_60b8b9eb71f62e16\COMCTL32.dll
0x00007ffe0db40000 - 0x00007ffe0dbdd000 	C:\Windows\System32\msvcp_win.dll
0x00007ffe0f670000 - 0x00007ffe0f70e000 	C:\Windows\System32\msvcrt.dll
0x00007ffe0e520000 - 0x00007ffe0e54f000 	C:\Windows\System32\IMM32.DLL
0x00007ffe09590000 - 0x00007ffe0959c000 	c:\Users\DELL\.vscode\extensions\redhat.java-1.39.0-win32-x64\jre\21.0.5-win32-x86_64\bin\vcruntime140_1.dll
0x00007ffde5970000 - 0x00007ffde59fd000 	c:\Users\DELL\.vscode\extensions\redhat.java-1.39.0-win32-x64\jre\21.0.5-win32-x86_64\bin\msvcp140.dll
0x00007ffd9c580000 - 0x00007ffd9d30f000 	c:\Users\DELL\.vscode\extensions\redhat.java-1.39.0-win32-x64\jre\21.0.5-win32-x86_64\bin\server\jvm.dll
0x00007ffe0dfe0000 - 0x00007ffe0e091000 	C:\Windows\System32\ADVAPI32.dll
0x00007ffe0e480000 - 0x00007ffe0e51f000 	C:\Windows\System32\sechost.dll
0x00007ffe0f0c0000 - 0x00007ffe0f1e3000 	C:\Windows\System32\RPCRT4.dll
0x00007ffe0de00000 - 0x00007ffe0de27000 	C:\Windows\System32\bcrypt.dll
0x00007ffe0ef70000 - 0x00007ffe0efdb000 	C:\Windows\System32\WS2_32.dll
0x00007ffe0cbf0000 - 0x00007ffe0cc3b000 	C:\Windows\SYSTEM32\POWRPROF.dll
0x00007ffdfb080000 - 0x00007ffdfb0a7000 	C:\Windows\SYSTEM32\WINMM.dll
0x00007ffe01a70000 - 0x00007ffe01a7a000 	C:\Windows\SYSTEM32\VERSION.dll
0x00007ffe0ca60000 - 0x00007ffe0ca72000 	C:\Windows\SYSTEM32\UMPDC.dll
0x00007ffe0b4e0000 - 0x00007ffe0b4f2000 	C:\Windows\SYSTEM32\kernel.appcore.dll
0x00007ffdfe840000 - 0x00007ffdfe84a000 	c:\Users\DELL\.vscode\extensions\redhat.java-1.39.0-win32-x64\jre\21.0.5-win32-x86_64\bin\jimage.dll
0x00007ffdfaac0000 - 0x00007ffdfaca4000 	C:\Windows\SYSTEM32\DBGHELP.DLL
0x00007ffdfa9b0000 - 0x00007ffdfa9e4000 	C:\Windows\SYSTEM32\dbgcore.DLL
0x00007ffe0de30000 - 0x00007ffe0deb2000 	C:\Windows\System32\bcryptPrimitives.dll
0x00007ffdf98e0000 - 0x00007ffdf98ef000 	c:\Users\DELL\.vscode\extensions\redhat.java-1.39.0-win32-x64\jre\21.0.5-win32-x86_64\bin\instrument.dll
0x00007ffdfae10000 - 0x00007ffdfae2f000 	c:\Users\DELL\.vscode\extensions\redhat.java-1.39.0-win32-x64\jre\21.0.5-win32-x86_64\bin\java.dll
0x00007ffe0f820000 - 0x00007ffe0ff8e000 	C:\Windows\System32\SHELL32.dll
0x00007ffe0b6e0000 - 0x00007ffe0be84000 	C:\Windows\SYSTEM32\windows.storage.dll
0x00007ffe0e760000 - 0x00007ffe0eab5000 	C:\Windows\System32\combase.dll
0x00007ffe0d090000 - 0x00007ffe0d0bf000 	C:\Windows\SYSTEM32\Wldp.dll
0x00007ffe0f460000 - 0x00007ffe0f52d000 	C:\Windows\System32\OLEAUT32.dll
0x00007ffe0e240000 - 0x00007ffe0e2ed000 	C:\Windows\System32\SHCORE.dll
0x00007ffe0e550000 - 0x00007ffe0e5a5000 	C:\Windows\System32\shlwapi.dll
0x00007ffe0d590000 - 0x00007ffe0d5b4000 	C:\Windows\SYSTEM32\profapi.dll
0x00007ffdf7790000 - 0x00007ffdf77a8000 	c:\Users\DELL\.vscode\extensions\redhat.java-1.39.0-win32-x64\jre\21.0.5-win32-x86_64\bin\zip.dll
0x00007ffdfe830000 - 0x00007ffdfe840000 	C:\Users\DELL\.vscode\extensions\redhat.java-1.39.0-win32-x64\jre\21.0.5-win32-x86_64\bin\net.dll
0x00007ffdff440000 - 0x00007ffdff54d000 	C:\Windows\SYSTEM32\WINHTTP.dll
0x00007ffe0cdf0000 - 0x00007ffe0ce5a000 	C:\Windows\system32\mswsock.dll
0x00007ffdf6540000 - 0x00007ffdf6556000 	C:\Users\DELL\.vscode\extensions\redhat.java-1.39.0-win32-x64\jre\21.0.5-win32-x86_64\bin\nio.dll
0x00007ffdf7a50000 - 0x00007ffdf7a60000 	c:\Users\DELL\.vscode\extensions\redhat.java-1.39.0-win32-x64\jre\21.0.5-win32-x86_64\bin\verify.dll
0x00007ffde9610000 - 0x00007ffde9655000 	C:\Users\DELL\AppData\Roaming\Code\User\globalStorage\redhat.java\1.39.0\config_win\org.eclipse.equinox.launcher\org.eclipse.equinox.launcher.win32.win32.x86_64_1.2.1100.v20240722-2106\eclipse_11904.dll
0x00007ffe0f530000 - 0x00007ffe0f65b000 	C:\Windows\System32\ole32.dll
0x00007ffe0cff0000 - 0x00007ffe0d008000 	C:\Windows\SYSTEM32\CRYPTSP.dll
0x00007ffe0c6a0000 - 0x00007ffe0c6d4000 	C:\Windows\system32\rsaenh.dll
0x00007ffe0d510000 - 0x00007ffe0d53e000 	C:\Windows\SYSTEM32\USERENV.dll
0x00007ffe0cfe0000 - 0x00007ffe0cfec000 	C:\Windows\SYSTEM32\CRYPTBASE.dll
0x00007ffe0ca80000 - 0x00007ffe0cabb000 	C:\Windows\SYSTEM32\IPHLPAPI.DLL
0x00007ffe0f330000 - 0x00007ffe0f338000 	C:\Windows\System32\NSI.dll
0x00007ffdf7af0000 - 0x00007ffdf7b39000 	C:\Users\DELL\AppData\Local\Temp\jna-2094529\jna12032971058485356535.dll
0x00007ffe0f660000 - 0x00007ffe0f668000 	C:\Windows\System32\PSAPI.DLL

dbghelp: loaded successfully - version: 4.0.5 - missing functions: none
symbol engine: initialized successfully - sym options: 0x614 - pdb path: .;c:\Users\DELL\.vscode\extensions\redhat.java-1.39.0-win32-x64\jre\21.0.5-win32-x86_64\bin;C:\Windows\SYSTEM32;C:\Windows\WinSxS\amd64_microsoft.windows.common-controls_6595b64144ccf1df_6.0.19041.4355_none_60b8b9eb71f62e16;c:\Users\DELL\.vscode\extensions\redhat.java-1.39.0-win32-x64\jre\21.0.5-win32-x86_64\bin\server;C:\Users\DELL\AppData\Roaming\Code\User\globalStorage\redhat.java\1.39.0\config_win\org.eclipse.equinox.launcher\org.eclipse.equinox.launcher.win32.win32.x86_64_1.2.1100.v20240722-2106;C:\Users\DELL\AppData\Local\Temp\jna-2094529

VM Arguments:
jvm_args: --add-modules=ALL-SYSTEM --add-opens=java.base/java.util=ALL-UNNAMED --add-opens=java.base/java.lang=ALL-UNNAMED --add-opens=java.base/sun.nio.fs=ALL-UNNAMED -Declipse.application=org.eclipse.jdt.ls.core.id1 -Dosgi.bundles.defaultStartLevel=4 -Declipse.product=org.eclipse.jdt.ls.core.product -Djava.import.generatesMetadataFilesAtProjectRoot=false -DDetectVMInstallationsJob.disabled=true -Dfile.encoding=utf8 -XX:+UseParallelGC -XX:GCTimeRatio=4 -XX:AdaptiveSizePolicyWeight=90 -Dsun.zip.disableMemoryMapping=true -Xmx1G -Xms100m -Xlog:disable -javaagent:c:\Users\DELL\.vscode\extensions\redhat.java-1.39.0-win32-x64\lombok\lombok-1.18.34.jar -XX:+HeapDumpOnOutOfMemoryError -XX:HeapDumpPath=c:\Users\DELL\AppData\Roaming\Code\User\workspaceStorage\667d2d708d577856f3a5703e8ee31762\redhat.java -Daether.dependencyCollector.impl=bf 
java_command: c:\Users\DELL\.vscode\extensions\redhat.java-1.39.0-win32-x64\server\plugins\org.eclipse.equinox.launcher_1.6.900.v20240613-2009.jar -configuration c:\Users\DELL\AppData\Roaming\Code\User\globalStorage\redhat.java\1.39.0\config_win -data c:\Users\DELL\AppData\Roaming\Code\User\workspaceStorage\667d2d708d577856f3a5703e8ee31762\redhat.java\jdt_ws --pipe=\\.\pipe\lsp-925bcee370e315e5817611c3744db6d6-sock
java_class_path (initial): c:\Users\DELL\.vscode\extensions\redhat.java-1.39.0-win32-x64\server\plugins\org.eclipse.equinox.launcher_1.6.900.v20240613-2009.jar
Launcher Type: SUN_STANDARD

[Global flags]
    uintx AdaptiveSizePolicyWeight                 = 90                                        {product} {command line}
     intx CICompilerCount                          = 3                                         {product} {ergonomic}
    uintx GCTimeRatio                              = 4                                         {product} {command line}
     bool HeapDumpOnOutOfMemoryError               = true                                   {manageable} {command line}
    ccstr HeapDumpPath                             = c:\Users\DELL\AppData\Roaming\Code\User\workspaceStorage\667d2d708d577856f3a5703e8ee31762\redhat.java         {manageable} {command line}
   size_t InitialHeapSize                          = 104857600                                 {product} {command line}
   size_t MaxHeapSize                              = 1073741824                                {product} {command line}
   size_t MaxNewSize                               = 357564416                                 {product} {ergonomic}
   size_t MinHeapDeltaBytes                        = 524288                                    {product} {ergonomic}
   size_t MinHeapSize                              = 104857600                                 {product} {command line}
   size_t NewSize                                  = 34603008                                  {product} {ergonomic}
    uintx NonNMethodCodeHeapSize                   = 5832780                                {pd product} {ergonomic}
    uintx NonProfiledCodeHeapSize                  = 122912730                              {pd product} {ergonomic}
   size_t OldSize                                  = 70254592                                  {product} {ergonomic}
    uintx ProfiledCodeHeapSize                     = 122912730                              {pd product} {ergonomic}
    uintx ReservedCodeCacheSize                    = 251658240                              {pd product} {ergonomic}
     bool SegmentedCodeCache                       = true                                      {product} {ergonomic}
   size_t SoftMaxHeapSize                          = 1073741824                             {manageable} {ergonomic}
     bool UseCompressedOops                        = true                           {product lp64_product} {ergonomic}
     bool UseLargePagesIndividualAllocation        = false                                  {pd product} {ergonomic}
     bool UseParallelGC                            = true                                      {product} {command line}

Logging:
Log output configuration:
 #0: stdout all=off uptime,level,tags foldmultilines=false
 #1: stderr all=off uptime,level,tags foldmultilines=false

Environment Variables:
PATH=C:\Program Files\Eclipse Adoptium\jdk-21.0.3.9-hotspot\bin;C:\Program Files\Common Files\Oracle\Java\javapath;C:\Program Files (x86)\Common Files\Oracle\Java\java8path;C:\Program Files (x86)\Common Files\Oracle\Java\javapath;C:\Windows\system32;C:\Windows;C:\Windows\System32\Wbem;C:\Windows\System32\WindowsPowerShell\v1.0\;C:\Windows\System32\OpenSSH\;C:\Program Files\Git\cmd;C:\src\flutter\bin;C:\Program Files (x86)\Windows Kits\10\Windows Performance Toolkit\;C:\Program Files\php-8.3.7;C:\ProgramData\ComposerSetup\bin;C:\Program Files\jdk-22.0.1;C:\Program Files\MongoDB\Server\7.0\bin;C:\mongosh-2.2.15\bin;C:\Users\DELL\AppData\Local\Programs\Python\Python312\Scripts\;C:\Users\DELL\AppData\Local\Programs\Python\Python312\;C:\src\flutter\bin;C:\Users\DELL\AppData\Local\Programs\Microsoft VS Code\bin;C:\Users\DELL\AppData\Roaming\Composer\vendor\bin;C:\Program Files\JetBrains\IntelliJ IDEA Community Edition 2024.1.3\bin;;C:\Program Files\JetBrains\PyCharm Community Edition 2024.1.4\bin;
USERNAME=DELL
OS=Windows_NT
PROCESSOR_IDENTIFIER=Intel64 Family 6 Model 69 Stepping 1, GenuineIntel
TMP=C:\Users\DELL\AppData\Local\Temp
TEMP=C:\Users\DELL\AppData\Local\Temp




Periodic native trim disabled

---------------  S Y S T E M  ---------------

OS:
 Windows 10 , 64 bit Build 19041 (10.0.19041.5198)
OS uptime: 1 days 7:24 hours

CPU: total 4 (initial active 4) (2 cores per cpu, 2 threads per core) family 6 model 69 stepping 1 microcode 0x26, cx8, cmov, fxsr, ht, mmx, sse, sse2, sse3, ssse3, sse4.1, sse4.2, popcnt, lzcnt, tsc, tscinvbit, avx, avx2, aes, erms, clmul, bmi1, bmi2, fma, vzeroupper, clflush, rdtscp, f16c
Processor Information for all 4 processors :
  Max Mhz: 1700, Current Mhz: 1700, Mhz Limit: 1700

Memory: 4k page, system-wide physical 4000M (48M free)
TotalPageFile size 16288M (AvailPageFile size 5M)
current process WorkingSet (physical memory assigned to process): 133M, peak: 143M
current process commit charge ("private bytes"): 250M, peak: 251M

vm_info: OpenJDK 64-Bit Server VM (21.0.5+11-LTS) for windows-amd64 JRE (21.0.5+11-LTS), built on 2024-10-15T00:00:00Z by "admin" with MS VC++ 17.7 (VS2022)

END.
